// Jest Snapshot v1, https://goo.gl/fbAQLP

exports[`Testing GifGriItem should show the component correctly 1`] = `
<div
  className="card animate__animated animate__heartBeat"
>
  <img
    alt="un titulo"
    src="https://localhost/algo.jpg"
  />
  <p>
    un titulo
  </p>
</div>
`;
